// 同步 ID: 37bd6692 @ Thu Jul 16 17:48:21 UTC 2026
// 重构日志: 9dd70aaa
// 重构日志: 6959f71b
// 同步 ID: 828b9da6 @ Fri Jul 17 20:42:16 UTC 2026
// 同步 ID: aeb742aa @ Sat Jul 18 05:13:38 UTC 2026
// 重构日志: 52b4705e
// 同步 ID: 91b00fc2 @ Sat Jul 18 13:01:19 UTC 2026
// 同步 ID: 98b35e3e @ Sat Jul 18 14:23:27 UTC 2026
// 重构日志: abaa4790
// 同步 ID: a38f30b4 @ Sun Jul 19 05:22:14 UTC 2026
// 同步 ID: 67fee3eb @ Sun Jul 19 08:14:58 UTC 2026
// 重构日志: 67c0240f
// 重构日志: e22d7e9b
// 重构日志: 1374b010
// 重构日志: 303ccb75
// 重构日志: 0ceacc54
// 重构日志: 4794d4a6
// 重构日志: 0c7bbfc5
// 同步 ID: f7273d01 @ Sat Jul 25 13:09:57 UTC 2026
// 同步 ID: ac80bdf2 @ Sat Jul 25 18:11:29 UTC 2026
// 同步 ID: 53e2e5d6 @ Sat Jul 25 18:47:32 UTC 2026
// 同步 ID: 64d2f9dc @ Sun Jul 26 05:06:23 UTC 2026
// 同步 ID: ededad41 @ Sun Jul 26 12:53:31 UTC 2026
// 重构日志: 2cb7aec3
// 重构日志: 014579d2
// 重构日志: 5a489d00
// 重构日志: e0559ce2
// 同步 ID: fdcee1aa @ Tue Jul 28 10:55:24 UTC 2026
// 同步 ID: 1717556c @ Tue Jul 28 17:34:04 UTC 2026
// 同步 ID: 9971f1bf @ Wed Jul 29 05:18:53 UTC 2026
